// Jest Snapshot v1, https://goo.gl/fbAQLP

exports[`Header Component Builds the snapshot of the Header component 1`] = `
Object {
  "asFragment": [Function],
  "baseElement": <body>
    <div>
      <nav
        class="d-flex justify-content-between border-bottom nav-head px-5 mt-3"
      >
        <div
          class="d-flex align-middle gap-3"
        >
          <img
            alt="logo"
            src="planet.png"
          />
          <h3
            class="mt-2"
          >
            Space Travelers' Hub
          </h3>
        </div>
        <ul
          class="d-flex justify-content-around align-items-center list-unstyled gap-3 mt-3"
        >
          <li>
            <a
              aria-current="page"
              class="active"
              href="/"
            >
              Rockets
            </a>
          </li>
          <li>
            <a
              class="inactive"
              href="/missions"
            >
              Missions
            </a>
          </li>
          |
          <li>
            <a
              class="inactive"
              href="/my_profile"
            >
              My Profile
            </a>
          </li>
        </ul>
      </nav>
    </div>
  </body>,
  "container": <div>
    <nav
      class="d-flex justify-content-between border-bottom nav-head px-5 mt-3"
    >
      <div
        class="d-flex align-middle gap-3"
      >
        <img
          alt="logo"
          src="planet.png"
        />
        <h3
          class="mt-2"
        >
          Space Travelers' Hub
        </h3>
      </div>
      <ul
        class="d-flex justify-content-around align-items-center list-unstyled gap-3 mt-3"
      >
        <li>
          <a
            aria-current="page"
            class="active"
            href="/"
          >
            Rockets
          </a>
        </li>
        <li>
          <a
            class="inactive"
            href="/missions"
          >
            Missions
          </a>
        </li>
        |
        <li>
          <a
            class="inactive"
            href="/my_profile"
          >
            My Profile
          </a>
        </li>
      </ul>
    </nav>
  </div>,
  "debug": [Function],
  "findAllByAltText": [Function],
  "findAllByDisplayValue": [Function],
  "findAllByLabelText": [Function],
  "findAllByPlaceholderText": [Function],
  "findAllByRole": [Function],
  "findAllByTestId": [Function],
  "findAllByText": [Function],
  "findAllByTitle": [Function],
  "findByAltText": [Function],
  "findByDisplayValue": [Function],
  "findByLabelText": [Function],
  "findByPlaceholderText": [Function],
  "findByRole": [Function],
  "findByTestId": [Function],
  "findByText": [Function],
  "findByTitle": [Function],
  "getAllByAltText": [Function],
  "getAllByDisplayValue": [Function],
  "getAllByLabelText": [Function],
  "getAllByPlaceholderText": [Function],
  "getAllByRole": [Function],
  "getAllByTestId": [Function],
  "getAllByText": [Function],
  "getAllByTitle": [Function],
  "getByAltText": [Function],
  "getByDisplayValue": [Function],
  "getByLabelText": [Function],
  "getByPlaceholderText": [Function],
  "getByRole": [Function],
  "getByTestId": [Function],
  "getByText": [Function],
  "getByTitle": [Function],
  "queryAllByAltText": [Function],
  "queryAllByDisplayValue": [Function],
  "queryAllByLabelText": [Function],
  "queryAllByPlaceholderText": [Function],
  "queryAllByRole": [Function],
  "queryAllByTestId": [Function],
  "queryAllByText": [Function],
  "queryAllByTitle": [Function],
  "queryByAltText": [Function],
  "queryByDisplayValue": [Function],
  "queryByLabelText": [Function],
  "queryByPlaceholderText": [Function],
  "queryByRole": [Function],
  "queryByTestId": [Function],
  "queryByText": [Function],
  "queryByTitle": [Function],
  "rerender": [Function],
  "unmount": [Function],
}
`;
